// Jest Snapshot v1, https://goo.gl/fbAQLP

exports[`SampleChip renders correctly 1`] = `
<div
  className="chips_input_container undefined"
  onClick={[Function]}
  onKeyDown={[Function]}
>
  <div>
    <SearchIcon />
  </div>
  <div
    className="chips_wrapper"
  >
    <SearchInput
      debounceTimeout={250}
      emptyMessage="empty"
      handleClickOutside={[Function]}
      handleSelectElement={[Function]}
      inputClassName="chips-input"
      inputPlaceholder="Search"
      minLength={1}
      renderListItem={[Function]}
      setInputRef={[Function]}
      suggestionList={Array []}
    />
  </div>
</div>
`;
