// Jest Snapshot v1, https://goo.gl/fbAQLP

exports[`SampleChip remove one chip works 1`] = `
<div
  class="chips_input_container undefined"
>
  <div>
    <svg
      height="24"
      viewBox="0 0 24 24"
      width="24"
      xmlns="http://www.w3.org/2000/svg"
    >
      <path
        d="M15.5 14h-.79l-.28-.27C15.41 12.59 16 11.11 16 9.5 16 5.91 13.09 3 9.5 3S3 5.91 3 9.5 5.91 16 9.5 16c1.61 0 3.09-.59 4.23-1.57l.27.28v.79l5 4.99L20.49 19l-4.99-5zm-6 0C7.01 14 5 11.99 5 9.5S7.01 5 9.5 5 14 7.01 14 9.5 11.99 14 9.5 14z"
      />
      <path
        d="M0 0h24v24H0z"
        fill="none"
      />
    </svg>
  </div>
  <div
    class="chips_wrapper"
  >
    <div
      class="chip"
    >
      one
      <div
        class="remove"
      >
        <svg
          height="24"
          viewBox="0 0 24 24"
          width="24"
          xmlns="http://www.w3.org/2000/svg"
        >
          <path
            d="M12 2C6.47 2 2 6.47 2 12s4.47 10 10 10 10-4.47 10-10S17.53 2 12 2zm5 13.59L15.59 17 12 13.41 8.41 17 7 15.59 10.59 12 7 8.41 8.41 7 12 10.59 15.59 7 17 8.41 13.41 12 17 15.59z"
            fill="currentColor"
          />
          <path
            d="M0 0h24v24H0z"
            fill="none"
          />
        </svg>
      </div>
    </div>
    <div
      class="chip"
    >
      two
      <div
        class="remove"
      >
        <svg
          height="24"
          viewBox="0 0 24 24"
          width="24"
          xmlns="http://www.w3.org/2000/svg"
        >
          <path
            d="M12 2C6.47 2 2 6.47 2 12s4.47 10 10 10 10-4.47 10-10S17.53 2 12 2zm5 13.59L15.59 17 12 13.41 8.41 17 7 15.59 10.59 12 7 8.41 8.41 7 12 10.59 15.59 7 17 8.41 13.41 12 17 15.59z"
            fill="currentColor"
          />
          <path
            d="M0 0h24v24H0z"
            fill="none"
          />
        </svg>
      </div>
    </div>
    <div
      class="chip"
    >
      three
      <div
        class="remove"
      >
        <svg
          height="24"
          viewBox="0 0 24 24"
          width="24"
          xmlns="http://www.w3.org/2000/svg"
        >
          <path
            d="M12 2C6.47 2 2 6.47 2 12s4.47 10 10 10 10-4.47 10-10S17.53 2 12 2zm5 13.59L15.59 17 12 13.41 8.41 17 7 15.59 10.59 12 7 8.41 8.41 7 12 10.59 15.59 7 17 8.41 13.41 12 17 15.59z"
            fill="currentColor"
          />
          <path
            d="M0 0h24v24H0z"
            fill="none"
          />
        </svg>
      </div>
    </div>
    <div
      class="chip"
    >
      four
      <div
        class="remove"
      >
        <svg
          height="24"
          viewBox="0 0 24 24"
          width="24"
          xmlns="http://www.w3.org/2000/svg"
        >
          <path
            d="M12 2C6.47 2 2 6.47 2 12s4.47 10 10 10 10-4.47 10-10S17.53 2 12 2zm5 13.59L15.59 17 12 13.41 8.41 17 7 15.59 10.59 12 7 8.41 8.41 7 12 10.59 15.59 7 17 8.41 13.41 12 17 15.59z"
            fill="currentColor"
          />
          <path
            d="M0 0h24v24H0z"
            fill="none"
          />
        </svg>
      </div>
    </div>
    <div
      class="input_container"
    >
      <div
        class="search_container"
      >
        <div
          class="search_container_input"
        >
          <input
            class="chips-input"
            placeholder="Search"
          />
        </div>
        <div
          class="results_container"
          style="max-height:calc(100vh - 100px)"
        >
          <div>
            <span />
          </div>
        </div>
      </div>
    </div>
  </div>
</div>
`;

exports[`SampleChip renders correctly 1`] = `
<div
  className="chips_input_container undefined"
  onClick={[Function]}
  onKeyDown={[Function]}
>
  <div>
    <SearchIcon />
  </div>
  <div
    className="chips_wrapper"
  >
    <SearchInput
      debounceTimeout={250}
      emptyMessage="empty"
      handleClickOutside={[Function]}
      handleSelectElement={[Function]}
      inputClassName="chips-input"
      inputPlaceholder="Search"
      minLength={1}
      renderListItem={[Function]}
      setInputRef={[Function]}
      suggestionList={Array []}
    />
  </div>
</div>
`;

exports[`SampleChip shows passed chips 1`] = `
<div
  class="chips_input_container undefined"
>
  <div>
    <svg
      height="24"
      viewBox="0 0 24 24"
      width="24"
      xmlns="http://www.w3.org/2000/svg"
    >
      <path
        d="M15.5 14h-.79l-.28-.27C15.41 12.59 16 11.11 16 9.5 16 5.91 13.09 3 9.5 3S3 5.91 3 9.5 5.91 16 9.5 16c1.61 0 3.09-.59 4.23-1.57l.27.28v.79l5 4.99L20.49 19l-4.99-5zm-6 0C7.01 14 5 11.99 5 9.5S7.01 5 9.5 5 14 7.01 14 9.5 11.99 14 9.5 14z"
      />
      <path
        d="M0 0h24v24H0z"
        fill="none"
      />
    </svg>
  </div>
  <div
    class="chips_wrapper"
  >
    <div
      class="chip"
    >
      one
      <div
        class="remove"
      >
        <svg
          height="24"
          viewBox="0 0 24 24"
          width="24"
          xmlns="http://www.w3.org/2000/svg"
        >
          <path
            d="M12 2C6.47 2 2 6.47 2 12s4.47 10 10 10 10-4.47 10-10S17.53 2 12 2zm5 13.59L15.59 17 12 13.41 8.41 17 7 15.59 10.59 12 7 8.41 8.41 7 12 10.59 15.59 7 17 8.41 13.41 12 17 15.59z"
            fill="currentColor"
          />
          <path
            d="M0 0h24v24H0z"
            fill="none"
          />
        </svg>
      </div>
    </div>
    <div
      class="chip"
    >
      two
      <div
        class="remove"
      >
        <svg
          height="24"
          viewBox="0 0 24 24"
          width="24"
          xmlns="http://www.w3.org/2000/svg"
        >
          <path
            d="M12 2C6.47 2 2 6.47 2 12s4.47 10 10 10 10-4.47 10-10S17.53 2 12 2zm5 13.59L15.59 17 12 13.41 8.41 17 7 15.59 10.59 12 7 8.41 8.41 7 12 10.59 15.59 7 17 8.41 13.41 12 17 15.59z"
            fill="currentColor"
          />
          <path
            d="M0 0h24v24H0z"
            fill="none"
          />
        </svg>
      </div>
    </div>
    <div
      class="chip"
    >
      three
      <div
        class="remove"
      >
        <svg
          height="24"
          viewBox="0 0 24 24"
          width="24"
          xmlns="http://www.w3.org/2000/svg"
        >
          <path
            d="M12 2C6.47 2 2 6.47 2 12s4.47 10 10 10 10-4.47 10-10S17.53 2 12 2zm5 13.59L15.59 17 12 13.41 8.41 17 7 15.59 10.59 12 7 8.41 8.41 7 12 10.59 15.59 7 17 8.41 13.41 12 17 15.59z"
            fill="currentColor"
          />
          <path
            d="M0 0h24v24H0z"
            fill="none"
          />
        </svg>
      </div>
    </div>
    <div
      class="chip"
    >
      four
      <div
        class="remove"
      >
        <svg
          height="24"
          viewBox="0 0 24 24"
          width="24"
          xmlns="http://www.w3.org/2000/svg"
        >
          <path
            d="M12 2C6.47 2 2 6.47 2 12s4.47 10 10 10 10-4.47 10-10S17.53 2 12 2zm5 13.59L15.59 17 12 13.41 8.41 17 7 15.59 10.59 12 7 8.41 8.41 7 12 10.59 15.59 7 17 8.41 13.41 12 17 15.59z"
            fill="currentColor"
          />
          <path
            d="M0 0h24v24H0z"
            fill="none"
          />
        </svg>
      </div>
    </div>
    <div
      class="input_container"
    >
      <div
        class="search_container"
      >
        <div
          class="search_container_input"
        >
          <input
            class="chips-input"
            placeholder="Search"
          />
        </div>
        <div
          class="results_container"
          style="max-height:calc(100vh - 100px)"
        >
          <div>
            <span />
          </div>
        </div>
      </div>
    </div>
  </div>
</div>
`;
