// Jest Snapshot v1, https://goo.gl/fbAQLP

exports[`SampleChip click close triggers onRemove 1`] = `
<div
  className="chip"
>
  chip
  <div
    className="remove"
    onClick={[Function]}
  >
    <CloseIcon />
  </div>
</div>
`;

exports[`SampleChip renders correctly 1`] = `
<div
  className="chip"
>
  chip
  <div
    className="remove"
    onClick={[Function]}
  >
    <CloseIcon />
  </div>
</div>
`;
